============================= test session starts =============================
platform win32 -- Python 3.8.6, pytest-6.2.3, py-1.10.0, pluggy-0.13.1 -- c:\users\andre\documents\github\evil-genius-2-reverse-engineering\venv\scripts\python.exe
cachedir: .pytest_cache
rootdir: C:\Users\andre\Documents\GitHub\Evil-Genius-2-Reverse-Engineering
collecting ... collected 20 items

src/packer/asura/enums/tests/test_archive_type.py::test_decode PASSED    [  5%]
src/packer/asura/enums/tests/test_archive_type.py::test_encode PASSED    [ 10%]
src/packer/asura/enums/tests/test_chunk_type.py::test_decode PASSED      [ 15%]
src/packer/asura/enums/tests/test_chunk_type.py::test_encode PASSED      [ 20%]
src/packer/asura/models/chunks/tests/test_htext_chunk.py::test_chunk_read PASSED [ 25%]
src/packer/asura/models/chunks/tests/test_htext_chunk.py::test_chunk_read_writeback PASSED [ 30%]
src/packer/asura/models/chunks/tests/test_htext_chunk.py::test_chunk_write_readback PASSED [ 35%]
src/packer/asura/models/chunks/tests/test_htext_chunk.py::test_clip_read_writeback PASSED [ 40%]
src/packer/asura/models/chunks/tests/test_htext_chunk.py::test_clip_write_readback PASSED [ 45%]
src/packer/asura/models/chunks/tests/test_sound.py::test_chunk_read PASSED [ 50%]
src/packer/asura/models/chunks/tests/test_sound.py::test_chunk_read_writeback PASSED [ 55%]
src/packer/asura/models/chunks/tests/test_sound.py::test_chunk_write_readback PASSED [ 60%]
src/packer/asura/models/chunks/tests/test_sound.py::test_clip_read_writeback PASSED [ 65%]
src/packer/asura/models/chunks/tests/test_sound.py::test_clip_write_readback PASSED [ 70%]
src/packer/asura/tests/test_mio.py::test_read_int32 PASSED               [ 75%]
src/packer/asura/tests/test_mio.py::test_write_int32 PASSED              [ 80%]
src/packer/asura/tests/test_mio.py::test_read_utf8 PASSED                [ 85%]
src/packer/asura/tests/test_mio.py::test_write_utf8 PASSED               [ 90%]
src/packer/asura/tests/test_mio.py::test_read_utf16 PASSED               [ 95%]
src/packer/asura/tests/test_mio.py::test_write_utf16 PASSED              [100%]

============================= 20 passed in 0.40s ==============================
